# creating documentation for say_my_name function
*************************************
How say_my_name function works
*************************************

This module takes 2 strings an prints out My name is <first_name> <last_name>
Usage: say_my_name(first_name, last_name="")

************
test numbers
************

>>> say_my_name = __import__('3-say_my_name').say_my_name
>>> say_my_name(12, "eve")
Traceback (most recent call last):
TypeError: first_name must be a string

>>> say_my_name("eve", 12)
Traceback (most recent call last):
TypeError: last_name must be a string

>>> say_my_name(12, 13)
Traceback (most recent call last):
TypeError: first_name must be a string

>>> say_my_name(12.5)
Traceback (most recent call last):
TypeError: first_name must be a string

>>> say_my_name(12.5, 67.8)
Traceback (most recent call last):
TypeError: first_name must be a string

*************
empty strings
*************
>>> say_my_name("", "")
My name is  

>>> say_my_name("", "eve")
My name is  eve

>>> say_my_name("")
My name is  

>>> say_my_name("Nafula", "eve")
My name is Nafula eve

>>> say_my_name("Nafula")
My name is Nafula 

****
None
****

>>> say_my_name(None)
Traceback (most recent call last):
TypeError: first_name must be a string

>>> say_my_name(None, "eve")
Traceback (most recent call last):
TypeError: first_name must be a string
	
>>> say_my_name("eve", None)
Traceback (most recent call last):
TypeError: last_name must be a string

>>> say_my_name(None, None)
Traceback (most recent call last):
TypeError: first_name must be a string

************
no arguments
************

>>> say_my_name()
Traceback (most recent call last):
TypeError: say_my_name() missing 1 required positional argument: 'first_name'
